<!-- Do not end this file with a line feed. -->
<no_terminal></no_terminal>